2026-02-25 16:09:19 - Starting Wi-Fi configuration...
2026-02-25 16:09:19 - Adding new profile for SSID 'bvp-titan'.
2026-02-25 16:09:19 - Failed to configure 'bvp-titan'.
2026-02-25 16:09:20 - Adding new profile for SSID 'titan-robo'.
2026-02-25 16:09:20 - Failed to configure 'titan-robo'.
2026-02-25 16:09:20 - Found profile 'netplan-wlan0-Reynash' for SSID 'Reynash'.
2026-02-25 16:09:20 - Updating priority to 12.
2026-02-25 16:09:20 - Found profile 'netplan-wlan0-Airtel_Momentum' for SSID 'Airtel_Momentum'.
2026-02-25 16:09:20 - Updating priority to 10.
2026-02-25 16:09:20 - Wi-Fi configuration completed.
2026-02-25 16:10:03 - Starting Wi-Fi configuration...
2026-02-25 16:10:03 - Adding new profile for SSID 'bvp-titan'.
2026-02-25 16:10:03 - Failed to configure 'bvp-titan'.
2026-02-25 16:10:04 - Adding new profile for SSID 'titan-robo'.
2026-02-25 16:10:04 - Failed to configure 'titan-robo'.
2026-02-25 16:10:04 - Found profile 'netplan-wlan0-Reynash' for SSID 'Reynash'.
2026-02-25 16:10:04 - Updating priority to 12.
2026-02-25 16:10:04 - Found profile 'netplan-wlan0-Airtel_Momentum' for SSID 'Airtel_Momentum'.
2026-02-25 16:10:04 - Updating priority to 10.
2026-02-25 16:10:04 - Wi-Fi configuration completed.
