2025-08-21 15:05:31 - Starting Wi-Fi configuration...
2025-08-21 15:05:31 - No existing connection profile found for SSID 'titan-robo'. Adding new connection.
2025-08-21 15:05:31 - Successfully added new profile 'titan-robo' for SSID 'titan-robo' with priority 0.
2025-08-21 15:05:32 - No existing connection profile found for SSID 'Reynash'. Adding new connection.
2025-08-21 15:05:32 - Successfully added new profile 'Reynash' for SSID 'Reynash' with priority 10.
2025-08-21 15:05:32 - Found existing connection profile 'Oplify-5G' for SSID 'Oplify-5G'.
2025-08-21 15:05:32 - Updating priority for 'Oplify-5G' from 0 to 5.
2025-08-21 15:05:33 - Wi-Fi configuration completed.
2025-08-21 15:05:33 - Verifying configured Wi-Fi networks...
2025-08-21 15:05:33 - Verified: Profile 'titan-robo' exists for SSID 'titan-robo' with priority 0.
2025-08-21 15:05:33 - Verified: Profile 'Reynash' exists for SSID 'Reynash' with priority 10.
2025-08-21 15:05:34 - Verified: Profile 'Oplify-5G' exists for SSID 'Oplify-5G' with priority 5.
2025-08-21 15:05:34 - Verification completed.
2025-10-15 15:10:20 - Starting Wi-Fi configuration...
2025-10-15 15:10:20 - Found existing connection profile 'titan-robo' for SSID 'titan-robo'.
2025-10-15 15:10:20 - Priority for 'titan-robo' already set to 0. No change.
2025-10-15 15:10:20 - Found existing connection profile 'Reynash' for SSID 'Reynash'.
2025-10-15 15:10:21 - Priority for 'Reynash' already set to 10. No change.
2025-10-15 15:10:21 - Wi-Fi configuration completed.
2025-10-15 15:10:21 - Verifying configured Wi-Fi networks...
2025-10-15 15:10:21 - Verified: Profile 'titan-robo' exists for SSID 'titan-robo' with priority 0.
2025-10-15 15:10:21 - Verified: Profile 'Reynash' exists for SSID 'Reynash' with priority 10.
2025-10-15 15:10:21 - Verification completed.
